fm-afk-launch: daemon launched in non-visible herdr workspace w2 (pane fm-lab-fm-afk-pi-return-509065-29089:w2:p1), supervising fm-lab-fm-afk-pi-return-509065-29089:w1:p1
ok - real Pi/Herdr pending composer refuses injection without forced submit and raises one observable fallback
DEBUG agent: {"id":"cli:agent:get","result":{"agent":{"agent":"pi","agent_status":"idle","cwd":"/tmp/fm-afk-pi-return-e2e.6cwiYY/project","focused":true,"foreground_cwd":"/tmp/fm-afk-pi-return-e2e.6cwiYY/project","pane_id":"w1:p1","revision":2,"state_change_seq":1,"tab_id":"w1:t1","terminal_id":"term_65a0b830969531","terminal_title":"π - project","terminal_title_stripped":"π - project","workspace_id":"w1"},"type":"agent_info"}}
DEBUG pane: exec env PI_CODING_AGENT_DIR=/tmp/fm-afk-pi-return-e2
e.6cwiYY/pi-agent FM_HOME=/tmp/fm-afk-pi-return-e2e.6
cwiYY/home FM_PI_CAPTURE_PATH=/tmp/fm-afk-pi-return-e
2e.6cwiYY/pi-prompts.jsonl pi -e /tmp/fm-afk-pi-retur
n-e2e.6cwiYY/capture-extension.ts --provider capture-
e2e --model capture-only --no-context-files --no-sess
ion
reneg@CPC-trene-ODMQU:/tmp/fm-afk-pi-return-e2e.6cwiY
Y/project$ exec env PI_CODING_AGENT_DIR=/tmp/fm-afk-p
i-return-e2e.6cwiYY/pi-agent FM_HOME=/tmp/fm-afk-pi-r
eturn-e2e.6cwiYY/home FM_PI_CAPTURE_PATH=/tmp/fm-afk-
pi-return-e2e.6cwiYY/pi-prompts.jsonl pi -e /tmp/fm-a
fk-pi-return-e2e.6cwiYY/capture-extension.ts --provid
er capture-e2e --model capture-only --no-context-file
s --no-session

 pi v0.84.3
 escape interrupt · ctrl+c/ctrl+d clear/exit · /
 commands · ! bash · ctrl+o more
 Press ctrl+o to show full startup help and loaded
 resources.

 Pi can explain its own features and look up its
 docs. Ask it how to use or extend Pi.

[Skills]
  ask-matt, domain-modeling, grill-with-docs,
grilling, handoff, no-mistakes, prototype, research,
setup-matt-pocock-skills, to-spec, to-tickets,
wayfinder, wf-charting, wfdash

[Extensions]
  capture-extension.ts


 FIRSTMATE_OP: v1 away-supervisor: Supervisor
 escalate (1 event(s)): repair-task.status: blocked
 [key=synthetic-dependency]: firstmate can refresh
 the synthetic token (catch-all scan) (pre-read;
 re-arm not needed — watcher daemon-managed)


 Error: Connection error.

 Error: Connection error.

 Error: Connection error.

 Error: Connection error.

 Error: Retry failed after 3 attempts: Connection
 error.

─────────────────────────────────────────────────────

─────────────────────────────────────────────────────
/tmp/fm-afk-pi-return-e2e.6cwiYY/project
1.5%/4.1k (auto)                         capture-only
DEBUG composer=empty buffer=
not ok - real Pi did not receive the buffered escalation after becoming safely idle
